[    2200ms] [WARNING] You rendered descendant <Routes> (or called `useRoutes()`) at "/" (under <Route path="">) but the parent route path has no trailing "*". This means if you navigate deeper, the parent won't match anymore and therefore the child routes will never render.

Please change the parent <Route path=""> to <Route path="/*">. @ https://dash.cloudflare.com/assets/cf-init-core.BzmiZanY.js:137
[    2217ms] [WARNING] You rendered descendant <Routes> (or called `useRoutes()`) at "/login" (under <Route path="login">) but the parent route path has no trailing "*". This means if you navigate deeper, the parent won't match anymore and therefore the child routes will never render.

Please change the parent <Route path="login"> to <Route path="login/*">. @ https://dash.cloudflare.com/assets/cf-init-core.BzmiZanY.js:137
[    2246ms] [WARNING] [Kumo Text]: variant="heading1" is deprecated. Use variant="heading" and set size and as explicitly. @ https://dash.cloudflare.com/assets/cf-init-core.BzmiZanY.js:137
[    2306ms] [ERROR] Failed to load resource: the server responded with a status of 403 () @ https://dash.cloudflare.com/api/v4/organizations?page_size=100:0
[    2916ms] [WARNING] [Kumo Text]: variant="heading1" is deprecated. Use variant="heading" and set size and as explicitly. @ https://dash.cloudflare.com/assets/cf-init-core.BzmiZanY.js:137
[    3397ms] [WARNING] No available adapters. @ https://challenges.cloudflare.com/cdn-cgi/challenge-platform/h/g/turnstile/f/av0/rch/6iphc/0x4AAAAAADlYAGQxVeGSor-h/light/fbE/new/flexible?lang=auto:0
[    4201ms] [WARNING] OTS parsing error: Size of decompressed WOFF 2.0 is less than compressed size @ https://challenges.cloudflare.com/cdn-cgi/challenge-platform/h/g/turnstile/f/av0/rch/6iphc/0x4AAAAAADlYAGQxVeGSor-h/light/fbE/new/flexible?lang=auto:0
[   25871ms] [ERROR] Failed to load resource: the server responded with a status of 403 () @ https://dash.cloudflare.com/api/v4/organizations?page_size=100:0
[   29536ms] [WARNING] [Kumo Text]: variant="heading1" is deprecated. Use variant="heading" and set size and as explicitly. @ https://dash.cloudflare.com/assets/cf-init-core.BzmiZanY.js:137
[   29591ms] [WARNING] [Kumo Text]: variant="heading1" is deprecated. Use variant="heading" and set size and as explicitly. @ https://dash.cloudflare.com/assets/cf-init-core.BzmiZanY.js:137
[   29639ms] [WARNING] [Kumo Text]: variant="heading1" is deprecated. Use variant="heading" and set size and as explicitly. @ https://dash.cloudflare.com/assets/cf-init-core.BzmiZanY.js:137
[   29696ms] [WARNING] [Kumo Text]: variant="heading1" is deprecated. Use variant="heading" and set size and as explicitly. @ https://dash.cloudflare.com/assets/cf-init-core.BzmiZanY.js:137
[   29843ms] [WARNING] [Kumo Text]: variant="heading1" is deprecated. Use variant="heading" and set size and as explicitly. @ https://dash.cloudflare.com/assets/cf-init-core.BzmiZanY.js:137
[   29849ms] [WARNING] [Kumo Text]: variant="heading3" is deprecated. Use variant="heading" and set size and as explicitly. @ https://dash.cloudflare.com/assets/cf-init-core.BzmiZanY.js:137
[   29867ms] [ERROR] Failed to load resource: the server responded with a status of 403 () @ https://dash.cloudflare.com/api/v4/accounts/888e6f745425f96bfb947f573602c4d0/access/organizations:0
[   29884ms] [WARNING] [Kumo Text]: variant="heading1" is deprecated. Use variant="heading" and set size and as explicitly. @ https://dash.cloudflare.com/assets/cf-init-core.BzmiZanY.js:137
[   29889ms] [WARNING] [Kumo Text]: variant="heading3" is deprecated. Use variant="heading" and set size and as explicitly. @ https://dash.cloudflare.com/assets/cf-init-core.BzmiZanY.js:137
[   29940ms] [WARNING] [Kumo Text]: variant="heading1" is deprecated. Use variant="heading" and set size and as explicitly. @ https://dash.cloudflare.com/assets/cf-init-core.BzmiZanY.js:137
[   29945ms] [WARNING] [Kumo Text]: variant="heading3" is deprecated. Use variant="heading" and set size and as explicitly. @ https://dash.cloudflare.com/assets/cf-init-core.BzmiZanY.js:137
[   30097ms] [WARNING] [Kumo Text]: variant="heading1" is deprecated. Use variant="heading" and set size and as explicitly. @ https://dash.cloudflare.com/assets/cf-init-core.BzmiZanY.js:137
[   30103ms] [WARNING] [Kumo Text]: variant="heading3" is deprecated. Use variant="heading" and set size and as explicitly. @ https://dash.cloudflare.com/assets/cf-init-core.BzmiZanY.js:137
[   30245ms] [WARNING] [Kumo Text]: variant="heading1" is deprecated. Use variant="heading" and set size and as explicitly. @ https://dash.cloudflare.com/assets/cf-init-core.BzmiZanY.js:137
[   30255ms] [WARNING] [Kumo Text]: variant="heading3" is deprecated. Use variant="heading" and set size and as explicitly. @ https://dash.cloudflare.com/assets/cf-init-core.BzmiZanY.js:137
[   30464ms] [WARNING] [Kumo Text]: variant="heading1" is deprecated. Use variant="heading" and set size and as explicitly. @ https://dash.cloudflare.com/assets/cf-init-core.BzmiZanY.js:137
[   30493ms] [WARNING] [Kumo Text]: variant="heading3" is deprecated. Use variant="heading" and set size and as explicitly. @ https://dash.cloudflare.com/assets/cf-init-core.BzmiZanY.js:137
[   34230ms] [WARNING] [Kumo Text]: variant="heading1" is deprecated. Use variant="heading" and set size and as explicitly. @ https://dash.cloudflare.com/assets/cf-init-core.BzmiZanY.js:137
[   34236ms] [WARNING] [Kumo Text]: variant="heading3" is deprecated. Use variant="heading" and set size and as explicitly. @ https://dash.cloudflare.com/assets/cf-init-core.BzmiZanY.js:137
[   38965ms] [WARNING] [Kumo Text]: variant="heading1" is deprecated. Use variant="heading" and set size and as explicitly. @ https://dash.cloudflare.com/assets/cf-init-core.BzmiZanY.js:137
[   38970ms] [WARNING] [Kumo Text]: variant="heading3" is deprecated. Use variant="heading" and set size and as explicitly. @ https://dash.cloudflare.com/assets/cf-init-core.BzmiZanY.js:137
[   39954ms] [WARNING] [Kumo Text]: variant="heading1" is deprecated. Use variant="heading" and set size and as explicitly. @ https://dash.cloudflare.com/assets/cf-init-core.BzmiZanY.js:137
[   39958ms] [WARNING] [Kumo Text]: variant="heading3" is deprecated. Use variant="heading" and set size and as explicitly. @ https://dash.cloudflare.com/assets/cf-init-core.BzmiZanY.js:137
