[     349ms] [LOG] CSP Violation Logger initialized @ https://aads.com/ad-units/2457708/edit/:37
[     631ms] [LOG] type default @ https://aads.com/_next/static/chunks/pages/_app-cc32b7cb80159aec.js:0
[     715ms] [LOG] %cSTOP! color: #d93025; font-size: 56px; font-weight: 700; line-height: 1.2; text-shadow: 0 1px 0 #fff; @ https://aads.com/_next/static/chunks/pages/_app-cc32b7cb80159aec.js:0
[     715ms] [LOG] %cThis browser feature is intended for developers. If someone told you to copy and paste anything here, it could let them access your AADS account, funds, or personal data. Do not paste code into the console unless you wrote it yourself and understand exactly what it does. color: #111827; font-size: 16px; line-height: 1.5; @ https://aads.com/_next/static/chunks/pages/_app-cc32b7cb80159aec.js:0
[     796ms] [LOG] runPoptinNow @ https://aads.com/_next/static/chunks/pages/_app-cc32b7cb80159aec.js:0
[     796ms] [LOG] poptinInit loading @ https://aads.com/_next/static/chunks/pages/_app-cc32b7cb80159aec.js:0
[     802ms] [LOG] initiatePullPoptinsRequest() @ https://aads.com/_next/static/chunks/pages/_app-cc32b7cb80159aec.js:0
[     876ms] [ERROR] [nolt] [init] "url" not provided @ https://aads.com/_next/static/chunks/pages/_app-cc32b7cb80159aec.js:0
[    9489ms] [LOG] CSP Violation Logger initialized @ https://aads.com/ad-units/new/:37
[    9794ms] [LOG] type default @ https://aads.com/_next/static/chunks/pages/_app-cc32b7cb80159aec.js:0
[    9874ms] [LOG] %cSTOP! color: #d93025; font-size: 56px; font-weight: 700; line-height: 1.2; text-shadow: 0 1px 0 #fff; @ https://aads.com/_next/static/chunks/pages/_app-cc32b7cb80159aec.js:0
[    9875ms] [LOG] %cThis browser feature is intended for developers. If someone told you to copy and paste anything here, it could let them access your AADS account, funds, or personal data. Do not paste code into the console unless you wrote it yourself and understand exactly what it does. color: #111827; font-size: 16px; line-height: 1.5; @ https://aads.com/_next/static/chunks/pages/_app-cc32b7cb80159aec.js:0
[   10003ms] [ERROR] [nolt] [init] "url" not provided @ https://aads.com/_next/static/chunks/pages/_app-cc32b7cb80159aec.js:0
[   10125ms] [LOG] runPoptinNow @ https://aads.com/_next/static/chunks/pages/_app-cc32b7cb80159aec.js:0
[   10126ms] [LOG] poptinInit loading @ https://aads.com/_next/static/chunks/pages/_app-cc32b7cb80159aec.js:0
[   10133ms] [LOG] initiatePullPoptinsRequest() @ https://aads.com/_next/static/chunks/pages/_app-cc32b7cb80159aec.js:0
[   10458ms] [INFO] Loading the script 'https://www.gstatic.com/recaptcha/releases/guXhH0v-XMxlzmbTwqkaT4i5/recaptcha__en.js' violates the following Content Security Policy directive: "script-src 'unsafe-inline'". Note that 'script-src-elem' was not explicitly set, so 'script-src' is used as a fallback. The policy is report-only, so the violation has been logged but no further action has been taken. @ https://www.recaptcha.net/recaptcha/enterprise/anchor?ar=1&k=6LeOSlMrAAAAACbfAZ4fojESWvdaz_bxfdL5uYTB&co=aHR0cHM6Ly9hYWRzLmNvbTo0NDM.&hl=en&v=guXhH0v-XMxlzmbTwqkaT4i5&size=invisible&anchor-ms=20000&execute-ms=30000&cb=6msmmsuab7hr:0
[   10513ms] [INFO] Creating a worker from 'https://www.recaptcha.net/recaptcha/enterprise/webworker.js?hl=en&v=guXhH0v-XMxlzmbTwqkaT4i5' violates the following Content Security Policy directive: "script-src 'unsafe-inline'". Note that 'worker-src' was not explicitly set, so 'script-src' is used as a fallback. The policy is report-only, so the violation has been logged but no further action has been taken. @ https://www.gstatic.com/recaptcha/releases/guXhH0v-XMxlzmbTwqkaT4i5/recaptcha__en.js:610
[   12621ms] [LOG] type default @ https://aads.com/_next/static/chunks/pages/_app-cc32b7cb80159aec.js:0
[   12659ms] [LOG] type default @ https://aads.com/_next/static/chunks/pages/_app-cc32b7cb80159aec.js:0
[   12771ms] [ERROR] [nolt] [init] "url" not provided @ https://aads.com/_next/static/chunks/pages/_app-cc32b7cb80159aec.js:0
[   12771ms] [ERROR] [nolt] [init] "url" not provided @ https://aads.com/_next/static/chunks/pages/_app-cc32b7cb80159aec.js:0
[   14145ms] [LOG] CSP Violation Logger initialized @ https://aads.com/ad-units/new/:37
[   14432ms] [LOG] type default @ https://aads.com/_next/static/chunks/pages/_app-cc32b7cb80159aec.js:0
[   14521ms] [LOG] %cSTOP! color: #d93025; font-size: 56px; font-weight: 700; line-height: 1.2; text-shadow: 0 1px 0 #fff; @ https://aads.com/_next/static/chunks/pages/_app-cc32b7cb80159aec.js:0
[   14521ms] [LOG] %cThis browser feature is intended for developers. If someone told you to copy and paste anything here, it could let them access your AADS account, funds, or personal data. Do not paste code into the console unless you wrote it yourself and understand exactly what it does. color: #111827; font-size: 16px; line-height: 1.5; @ https://aads.com/_next/static/chunks/pages/_app-cc32b7cb80159aec.js:0
[   14686ms] [ERROR] [nolt] [init] "url" not provided @ https://aads.com/_next/static/chunks/pages/_app-cc32b7cb80159aec.js:0
[   14798ms] [LOG] runPoptinNow @ https://aads.com/_next/static/chunks/pages/_app-cc32b7cb80159aec.js:0
[   14801ms] [LOG] poptinInit loading @ https://aads.com/_next/static/chunks/pages/_app-cc32b7cb80159aec.js:0
[   14811ms] [LOG] initiatePullPoptinsRequest() @ https://aads.com/_next/static/chunks/pages/_app-cc32b7cb80159aec.js:0
[   17421ms] [LOG] type default @ https://aads.com/_next/static/chunks/pages/_app-cc32b7cb80159aec.js:0
[   17460ms] [LOG] type default @ https://aads.com/_next/static/chunks/pages/_app-cc32b7cb80159aec.js:0
[   17568ms] [ERROR] [nolt] [init] "url" not provided @ https://aads.com/_next/static/chunks/pages/_app-cc32b7cb80159aec.js:0
[   17568ms] [ERROR] [nolt] [init] "url" not provided @ https://aads.com/_next/static/chunks/pages/_app-cc32b7cb80159aec.js:0
[   19384ms] [LOG] CSP Violation Logger initialized @ https://aads.com/ad-units/new/:37
[   19732ms] [LOG] type default @ https://aads.com/_next/static/chunks/pages/_app-cc32b7cb80159aec.js:0
[   19817ms] [LOG] %cSTOP! color: #d93025; font-size: 56px; font-weight: 700; line-height: 1.2; text-shadow: 0 1px 0 #fff; @ https://aads.com/_next/static/chunks/pages/_app-cc32b7cb80159aec.js:0
[   19817ms] [LOG] %cThis browser feature is intended for developers. If someone told you to copy and paste anything here, it could let them access your AADS account, funds, or personal data. Do not paste code into the console unless you wrote it yourself and understand exactly what it does. color: #111827; font-size: 16px; line-height: 1.5; @ https://aads.com/_next/static/chunks/pages/_app-cc32b7cb80159aec.js:0
[   19957ms] [ERROR] [nolt] [init] "url" not provided @ https://aads.com/_next/static/chunks/pages/_app-cc32b7cb80159aec.js:0
[   20015ms] [LOG] runPoptinNow @ https://aads.com/_next/static/chunks/pages/_app-cc32b7cb80159aec.js:0
[   20016ms] [LOG] poptinInit loading @ https://aads.com/_next/static/chunks/pages/_app-cc32b7cb80159aec.js:0
[   20024ms] [LOG] initiatePullPoptinsRequest() @ https://aads.com/_next/static/chunks/pages/_app-cc32b7cb80159aec.js:0
[   22293ms] [LOG] type default @ https://aads.com/_next/static/chunks/pages/_app-cc32b7cb80159aec.js:0
[   22333ms] [LOG] type default @ https://aads.com/_next/static/chunks/pages/_app-cc32b7cb80159aec.js:0
[   22447ms] [ERROR] [nolt] [init] "url" not provided @ https://aads.com/_next/static/chunks/pages/_app-cc32b7cb80159aec.js:0
[   22447ms] [ERROR] [nolt] [init] "url" not provided @ https://aads.com/_next/static/chunks/pages/_app-cc32b7cb80159aec.js:0
